Had     0 errors
Have    47 sessions
Read in 10000 lines
{"acc":"","agent":"-","bytecount":352874459,"cmds":"GET","cnt":990,"domain":"sra-pub-run-1.s3.amazonaws.com","end":1564530402.098,"ip":"130.14.28.32","phid":"","sessid":"","start":1564530063.0,"status":"200","version":""}
{"acc":"","agent":"-","bytecount":358854706,"cmds":"GET","cnt":1834,"domain":"sra-pub-run-1.s3.amazonaws.com","end":1564528354.054,"ip":"130.14.28.7","phid":"","sessid":"","start":1564527601.0,"status":"200","version":""}
{"acc":"","agent":"-","bytecount":434815063,"cmds":"GET","cnt":2048,"domain":"sra-pub-run-1.s3.amazonaws.com","end":1564529480.098,"ip":"130.14.28.140","phid":"","sessid":"","start":1564529224.0,"status":"200","version":""}
{"acc":"DRR021296","agent":"aws-cli/1.16.102 Python/2.7.16 Linux/4.14.109-80.92.amzn1.x86_64","bytecount":229767,"cmds":"GET HEAD","cnt":3,"domain":"sra-pub-run-1.s3.amazonaws.com","end":1564528619.091,"ip":"52.54.203.43","phid":"","sessid":"","start":1564528619.0,"status":"200","version":"1"}
{"acc":"ERR039332","agent":"aws-cli/1.16.102 Python/2.7.16 Linux/4.14.109-80.92.amzn1.x86_64","bytecount":445240157,"cmds":"GET HEAD","cnt":56,"domain":"sra-pub-run-1.s3.amazonaws.com","end":1564528647.028,"ip":"52.54.203.43","phid":"","sessid":"","start":1564528643.0,"status":"200 206","version":"4"}
{"acc":"ERR1003686","agent":"aws-cli/1.16.102 Python/2.7.16 Linux/4.14.109-80.92.amzn1.x86_64","bytecount":4842404,"cmds":"GET HEAD","cnt":3,"domain":"sra-pub-run-1.s3.amazonaws.com","end":1564528634.024,"ip":"52.54.203.43","phid":"","sessid":"","start":1564528634.0,"status":"200","version":"1"}
{"acc":"ERR1005226","agent":"aws-cli/1.16.102 Python/2.7.16 Linux/4.14.109-80.92.amzn1.x86_64","bytecount":8627565,"cmds":"GET HEAD","cnt":4,"domain":"sra-pub-run-1.s3.amazonaws.com","end":1564528271.209,"ip":"52.54.203.43","phid":"","sessid":"","start":1564528271.0,"status":"200 206","version":"1"}
{"acc":"ERR1089105","agent":"aws-cli/1.16.102 Python/2.7.16 Linux/4.14.109-80.92.amzn1.x86_64","bytecount":25620348,"cmds":"GET HEAD","cnt":6,"domain":"sra-pub-run-1.s3.amazonaws.com","end":1564528757.027,"ip":"52.54.203.43","phid":"","sessid":"","start":1564528757.0,"status":"200 206","version":"1"}
{"acc":"ERR1124390","agent":"aws-cli/1.16.102 Python/2.7.16 Linux/4.14.109-80.92.amzn1.x86_64","bytecount":14174457,"cmds":"GET","cnt":2,"domain":"sra-pub-run-1.s3.amazonaws.com","end":1564532647.182,"ip":"52.54.203.43","phid":"","sessid":"","start":1564532647.0,"status":"206","version":"1"}
{"acc":"ERR1286072","agent":"aws-cli/1.16.102 Python/2.7.16 Linux/4.14.109-80.92.amzn1.x86_64","bytecount":53075470,"cmds":"GET HEAD","cnt":9,"domain":"sra-pub-run-1.s3.amazonaws.com","end":1564529120.263,"ip":"52.54.203.43","phid":"","sessid":"","start":1564529120.0,"status":"200 206","version":"2"}
{"acc":"ERR2323687","agent":"aws-cli/1.16.102 Python/2.7.16 Linux/4.14.109-80.92.amzn1.x86_64","bytecount":67545663,"cmds":"GET HEAD","cnt":11,"domain":"sra-pub-run-1.s3.amazonaws.com","end":1564530104.116,"ip":"52.54.203.43","phid":"","sessid":"","start":1564530104.0,"status":"200 206","version":"1"}
{"acc":"ERR2335142","agent":"aws-cli/1.16.102 Python/2.7.16 Linux/4.14.109-80.92.amzn1.x86_64","bytecount":31459212,"cmds":"GET HEAD","cnt":6,"domain":"sra-pub-run-1.s3.amazonaws.com","end":1564531150.122,"ip":"52.54.203.43","phid":"","sessid":"","start":1564531150.0,"status":"200 206","version":"1"}
{"acc":"ERR2518323","agent":"aws-cli/1.16.102 Python/2.7.16 Linux/4.14.109-80.92.amzn1.x86_64","bytecount":806388021,"cmds":"GET HEAD","cnt":99,"domain":"sra-pub-run-1.s3.amazonaws.com","end":1564528994.187,"ip":"52.54.203.43","phid":"","sessid":"","start":1564528994.0,"status":"200 206","version":"1"}
{"acc":"ERR2724515","agent":"aws-cli/1.16.102 Python/2.7.16 Linux/4.14.109-80.92.amzn1.x86_64","bytecount":50331843,"cmds":"GET","cnt":7,"domain":"sra-pub-run-1.s3.amazonaws.com","end":1564533453.146,"ip":"52.54.203.43","phid":"","sessid":"","start":1564533453.0,"status":"200 206","version":"1"}
{"acc":"ERR2745762","agent":"aws-cli/1.16.102 Python/2.7.16 Linux/4.14.109-80.92.amzn1.x86_64","bytecount":10707348651,"cmds":"GET HEAD","cnt":1279,"domain":"sra-pub-run-1.s3.amazonaws.com","end":1564529718.142,"ip":"52.54.203.43","phid":"","sessid":"","start":1564529644.0,"status":"200 206","version":"1"}
{"acc":"ERR2797181","agent":"aws-cli/1.16.102 Python/2.7.16 Linux/4.14.109-80.92.amzn1.x86_64","bytecount":5286497,"cmds":"GET HEAD","cnt":3,"domain":"sra-pub-run-1.s3.amazonaws.com","end":1564530516.159,"ip":"52.54.203.43","phid":"","sessid":"","start":1564530516.0,"status":"200","version":"1"}
{"acc":"ERR962699","agent":"aws-cli/1.16.102 Python/2.7.16 Linux/4.14.109-80.92.amzn1.x86_64","bytecount":671531879,"cmds":"GET HEAD","cnt":83,"domain":"sra-pub-run-1.s3.amazonaws.com","end":1564531009.23,"ip":"52.54.203.43","phid":"","sessid":"","start":1564531009.0,"status":"200 206","version":"1"}
{"acc":"SRR010242","agent":"aws-cli/1.16.102 Python/2.7.16 Linux/4.14.109-80.92.amzn1.x86_64","bytecount":1767917966,"cmds":"GET HEAD","cnt":213,"domain":"sra-pub-run-1.s3.amazonaws.com","end":1564530764.014,"ip":"52.54.203.43","phid":"","sessid":"","start":1564530764.0,"status":"200 206","version":"2"}
{"acc":"SRR043772","agent":"aws-cli/1.16.102 Python/2.7.16 Linux/4.14.109-80.92.amzn1.x86_64","bytecount":12624824,"cmds":"GET HEAD","cnt":4,"domain":"sra-pub-run-1.s3.amazonaws.com","end":1564528231.205,"ip":"52.54.203.43","phid":"","sessid":"","start":1564528231.0,"status":"200 206","version":"3"}
{"acc":"SRR1168528","agent":"aws-cli/1.16.102 Python/2.7.16 Linux/4.14.109-80.92.amzn1.x86_64","bytecount":824833972,"cmds":"GET HEAD","cnt":101,"domain":"sra-pub-run-1.s3.amazonaws.com","end":1564528274.145,"ip":"52.54.203.43","phid":"","sessid":"","start":1564528273.0,"status":"200 206","version":"1"}
{"acc":"SRR1276807","agent":"aws-cli/1.16.102 Python/2.7.16 Linux/4.14.109-80.92.amzn1.x86_64","bytecount":4694050,"cmds":"GET HEAD","cnt":3,"domain":"sra-pub-run-1.s3.amazonaws.com","end":1564529620.022,"ip":"52.54.203.43","phid":"","sessid":"","start":1564529620.0,"status":"200","version":"1"}
{"acc":"SRR1289291","agent":"aws-cli/1.16.102 Python/2.7.16 Linux/4.14.109-80.92.amzn1.x86_64","bytecount":1105848,"cmds":"GET HEAD","cnt":3,"domain":"sra-pub-run-1.s3.amazonaws.com","end":1564527646.093,"ip":"52.54.203.43","phid":"","sessid":"","start":1564527646.0,"status":"200","version":"1"}
{"acc":"SRR1539502","agent":"aws-cli/1.16.102 Python/2.7.16 Linux/4.14.109-80.92.amzn1.x86_64","bytecount":367984904,"cmds":"GET HEAD","cnt":46,"domain":"sra-pub-run-1.s3.amazonaws.com","end":1564527808.265,"ip":"52.54.203.43","phid":"","sessid":"","start":1564527807.0,"status":"200 206","version":"1"}
{"acc":"SRR1550480","agent":"aws-cli/1.16.102 Python/2.7.16 Linux/4.14.109-80.92.amzn1.x86_64","bytecount":39480671,"cmds":"GET HEAD","cnt":7,"domain":"sra-pub-run-1.s3.amazonaws.com","end":1564530927.201,"ip":"52.54.203.43","phid":"","sessid":"","start":1564530927.0,"status":"200 206","version":"2"}
{"acc":"SRR1567605","agent":"aws-cli/1.16.102 Python/2.7.16 Linux/4.14.109-80.92.amzn1.x86_64","bytecount":3548648,"cmds":"GET HEAD","cnt":3,"domain":"sra-pub-run-1.s3.amazonaws.com","end":1564528266.177,"ip":"52.54.203.43","phid":"","sessid":"","start":1564528266.0,"status":"200","version":"1"}
{"acc":"SRR171236","agent":"aws-cli/1.16.102 Python/2.7.16 Linux/4.14.109-80.92.amzn1.x86_64","bytecount":6913187239,"cmds":"GET HEAD","cnt":827,"domain":"sra-pub-run-1.s3.amazonaws.com","end":1564530517.184,"ip":"52.54.203.43","phid":"","sessid":"","start":1564530517.0,"status":"200 206","version":"3"}
{"acc":"SRR2407589","agent":"aws-cli/1.16.102 Python/2.7.16 Linux/4.14.109-80.92.amzn1.x86_64","bytecount":133000689,"cmds":"GET HEAD","cnt":18,"domain":"sra-pub-run-1.s3.amazonaws.com","end":1564530150.138,"ip":"52.54.203.43","phid":"","sessid":"","start":1564530150.0,"status":"200 206","version":"1"}
{"acc":"SRR2484413","agent":"aws-cli/1.16.102 Python/2.7.16 Linux/4.14.109-80.92.amzn1.x86_64","bytecount":33554432,"cmds":"GET","cnt":4,"domain":"sra-pub-run-1.s3.amazonaws.com","end":1564534424.238,"ip":"52.54.203.43","phid":"","sessid":"","start":1564534424.0,"status":"206","version":"1"}
{"acc":"SRR2911964","agent":"aws-cli/1.16.102 Python/2.7.16 Linux/4.14.109-80.92.amzn1.x86_64","bytecount":28171521,"cmds":"GET HEAD","cnt":6,"domain":"sra-pub-run-1.s3.amazonaws.com","end":1564528617.249,"ip":"52.54.203.43","phid":"","sessid":"","start":1564528617.0,"status":"200 206","version":"1"}
{"acc":"SRR3105368","agent":"aws-cli/1.16.102 Python/2.7.16 Linux/4.14.109-80.92.amzn1.x86_64","bytecount":830136517,"cmds":"GET HEAD","cnt":101,"domain":"sra-pub-run-1.s3.amazonaws.com","end":1564528293.266,"ip":"52.54.203.43","phid":"","sessid":"","start":1564528293.0,"status":"200 206","version":"1"}
{"acc":"SRR3213015","agent":"aws-cli/1.16.102 Python/2.7.16 Linux/4.14.109-80.92.amzn1.x86_64","bytecount":1122636592,"cmds":"GET HEAD","cnt":136,"domain":"sra-pub-run-1.s3.amazonaws.com","end":1564527630.206,"ip":"52.54.203.43","phid":"","sessid":"","start":1564527630.0,"status":"200 206","version":"1"}
{"acc":"SRR3295844","agent":"aws-cli/1.16.102 Python/2.7.16 Linux/4.14.109-80.92.amzn1.x86_64","bytecount":33554432,"cmds":"GET","cnt":4,"domain":"sra-pub-run-1.s3.amazonaws.com","end":1564532251.192,"ip":"52.54.203.43","phid":"","sessid":"","start":1564532251.0,"status":"206","version":"1"}
{"acc":"SRR330697","agent":"aws-cli/1.16.102 Python/2.7.16 Linux/4.14.109-80.92.amzn1.x86_64","bytecount":95539381,"cmds":"GET HEAD","cnt":14,"domain":"sra-pub-run-1.s3.amazonaws.com","end":1564528238.024,"ip":"52.54.203.43","phid":"","sessid":"","start":1564528236.0,"status":"200 206","version":"3"}
{"acc":"SRR3367011","agent":"aws-cli/1.16.102 Python/2.7.16 Linux/4.14.109-80.92.amzn1.x86_64","bytecount":52071878,"cmds":"GET HEAD","cnt":9,"domain":"sra-pub-run-1.s3.amazonaws.com","end":1564529580.031,"ip":"52.54.203.43","phid":"","sessid":"","start":1564529579.0,"status":"200 206","version":"1"}
{"acc":"SRR3748476","agent":"aws-cli/1.16.102 Python/2.7.16 Linux/4.14.109-80.92.amzn1.x86_64","bytecount":36268196,"cmds":"GET","cnt":5,"domain":"sra-pub-run-1.s3.amazonaws.com","end":1564533387.196,"ip":"52.54.203.43","phid":"","sessid":"","start":1564533387.0,"status":"206","version":"1"}
{"acc":"SRR3909319","agent":"aws-cli/1.16.102 Python/2.7.16 Linux/4.14.109-80.92.amzn1.x86_64","bytecount":1587010,"cmds":"GET HEAD","cnt":3,"domain":"sra-pub-run-1.s3.amazonaws.com","end":1564529632.027,"ip":"52.54.203.43","phid":"","sessid":"","start":1564529632.0,"status":"200","version":"1"}
{"acc":"SRR4015069","agent":"aws-cli/1.16.102 Python/2.7.16 Linux/4.14.109-80.92.amzn1.x86_64","bytecount":146607347,"cmds":"GET HEAD","cnt":20,"domain":"sra-pub-run-1.s3.amazonaws.com","end":1564528762.203,"ip":"52.54.203.43","phid":"","sessid":"","start":1564528762.0,"status":"200 206","version":"1"}
{"acc":"SRR4841408","agent":"aws-cli/1.16.102 Python/2.7.16 Linux/4.14.109-80.92.amzn1.x86_64","bytecount":213063448,"cmds":"GET HEAD","cnt":28,"domain":"sra-pub-run-1.s3.amazonaws.com","end":1564528759.132,"ip":"52.54.203.43","phid":"","sessid":"","start":1564528758.0,"status":"200 206","version":"1"}
{"acc":"SRR610310","agent":"aws-cli/1.16.102 Python/2.7.16 Linux/4.14.109-80.92.amzn1.x86_64","bytecount":7729925413,"cmds":"GET HEAD","cnt":924,"domain":"sra-pub-run-1.s3.amazonaws.com","end":1564528774.271,"ip":"52.54.203.43","phid":"","sessid":"","start":1564528774.0,"status":"200 206","version":"2"}
{"acc":"SRR6117022","agent":"aws-cli/1.16.102 Python/2.7.16 Linux/4.14.109-80.92.amzn1.x86_64","bytecount":117440512,"cmds":"GET","cnt":14,"domain":"sra-pub-run-1.s3.amazonaws.com","end":1564533552.132,"ip":"52.54.203.43","phid":"","sessid":"","start":1564533552.0,"status":"206","version":"1"}
{"acc":"SRR6280698","agent":"aws-cli/1.16.102 Python/2.7.16 Linux/4.14.109-80.92.amzn1.x86_64","bytecount":53387,"cmds":"GET HEAD","cnt":3,"domain":"sra-pub-run-1.s3.amazonaws.com","end":1564530668.04,"ip":"52.54.203.43","phid":"","sessid":"","start":1564530668.0,"status":"200","version":"1"}
{"acc":"SRR6302130","agent":"aws-cli/1.16.102 Python/2.7.16 Linux/4.14.109-80.92.amzn1.x86_64","bytecount":2905917268,"cmds":"GET HEAD","cnt":349,"domain":"sra-pub-run-1.s3.amazonaws.com","end":1564530114.474,"ip":"52.54.203.43","phid":"","sessid":"","start":1564530114.0,"status":"200 206","version":"1"}
{"acc":"SRR6312936","agent":"aws-cli/1.16.102 Python/2.7.16 Linux/4.14.109-80.92.amzn1.x86_64","bytecount":140955012,"cmds":"GET HEAD","cnt":19,"domain":"sra-pub-run-1.s3.amazonaws.com","end":1564530264.166,"ip":"52.54.203.43","phid":"","sessid":"","start":1564530264.0,"status":"200 206","version":"1"}
{"acc":"SRR6314037","agent":"aws-cli/1.16.102 Python/2.7.16 Linux/4.14.109-80.92.amzn1.x86_64","bytecount":220205820,"cmds":"GET HEAD","cnt":29,"domain":"sra-pub-run-1.s3.amazonaws.com","end":1564528752.246,"ip":"52.54.203.43","phid":"","sessid":"","start":1564528752.0,"status":"200 206","version":"1"}
{"acc":"SRR7791959","agent":"aws-cli/1.16.102 Python/2.7.16 Linux/4.14.109-80.92.amzn1.x86_64","bytecount":765013920,"cmds":"GET HEAD","cnt":94,"domain":"sra-pub-run-1.s3.amazonaws.com","end":1564527673.028,"ip":"52.54.203.43","phid":"","sessid":"","start":1564527665.0,"status":"200 206","version":"1"}
{"acc":"SRR7797049","agent":"aws-cli/1.16.102 Python/2.7.16 Linux/4.14.109-80.92.amzn1.x86_64","bytecount":35439926,"cmds":"GET HEAD","cnt":7,"domain":"sra-pub-run-1.s3.amazonaws.com","end":1564528756.195,"ip":"52.54.203.43","phid":"","sessid":"","start":1564528755.0,"status":"200 206","version":"1"}
{"acc":"SRR7826878","agent":"aws-cli/1.16.102 Python/2.7.16 Linux/4.14.109-80.92.amzn1.x86_64","bytecount":4700088582,"cmds":"GET HEAD","cnt":563,"domain":"sra-pub-run-1.s3.amazonaws.com","end":1564531039.022,"ip":"52.54.203.43","phid":"","sessid":"","start":1564531039.0,"status":"200 206","version":"1"}
