{"accepted":true,"accession":"","agent":"aws-sdk-java/1.11.160 Linux/4.4.0-1107-aws OpenJDK_64-Bit_Server_VM/11.0.7+10/11.0.7","auth_type":"AuthHeader","bucket":"sra-pub-src-1","cipher_suite":"SigV4 ECDHE-RSA-AES128-GCM-SHA256","error":"AccessDenied","extension":"","host_header":"sra-pub-src-1.s3.amazonaws.com","host_id":"uYoz2qqYhiKUJCM3jMzDLO7the4EIjFZp6G9VLtn/jY1crCHDKHf5G3r1Cb9rmqsuOwcRrNv28k=","ip":"10.11.149.94","key":"","method":"HEAD","obj_size":"","operation":"REST.HEAD.BUCKET","owner":"7dd4dcfe9b004fb7433c61af3e87972f2e9477fa7f0760a02827f771b41b3455","path":"/","referer":"-","request_id":"186D7BF85015E3CE","requester":"arn:aws:iam::959185930736:user/david.yadin@kymab.com","res_code":"403","res_len":"243","source":"S3","time":"[26/May/2020:13:32:00 +0000]","tls_version":"TLSv1.2","total_time":"196","turnaround_time":"","vers":"HTTP/1.1","version_id":""}
{"accepted":true,"accession":"","agent":"aws-cli/1.16.300 Python/2.7.16 Linux/4.14.177-139.254.amzn2.x86_64 botocore/1.13.36","auth_type":"AuthHeader","bucket":"sra-pub-src-1","cipher_suite":"SigV4 ECDHE-RSA-AES128-GCM-SHA256","error":"NoSuchKey","extension":"","host_header":"sra-pub-src-1.s3.amazonaws.com","host_id":"9cLyZqXg5N2mXetfQMtvMhhbczeIiHy+9UxgBSDV6UkpNCZxnUN7cNN/4TDc2oBlMk1DAUtG0GA=","ip":"3.235.179.196","key":"SRR9154112/*.fastq*","method":"HEAD","obj_size":"","operation":"REST.HEAD.OBJECT","owner":"7dd4dcfe9b004fb7433c61af3e87972f2e9477fa7f0760a02827f771b41b3455","path":"/SRR9154112/%2A.fastq%2A","referer":"-","request_id":"1B6E92A991321AE8","requester":"arn:aws:sts::784757538848:assumed-role/TulipRWAccess/i-00a5d1f5e0d3cdc67","res_code":"404","res_len":"290","source":"S3","time":"[26/May/2020:16:00:16 +0000]","tls_version":"TLSv1.2","total_time":"43","turnaround_time":"","vers":"HTTP/1.1","version_id":""}
{"accepted":true,"accession":"","agent":"","auth_type":"AuthHeader","bucket":"sra-pub-src-1","cipher_suite":"SigV4 ECDHE-RSA-AES128-GCM-SHA256","error":"","extension":"","host_header":"sra-pub-sars-cov2.s3.amazonaws.com","host_id":"QS2B/AbVsYy0J+Ce10atUPXDMX6vu6UOwEYF+EEovqNazgm8aO1xGpNN29+hN0KjCYv0VOTvsdI=","ip":"130.14.28.7","key":"SRR9211507/100100.mapped.1.fq.1","method":"","obj_size":"351400","operation":"REST.COPY.OBJECT_GET","owner":"7dd4dcfe9b004fb7433c61af3e87972f2e9477fa7f0760a02827f771b41b3455","path":"","referer":"","request_id":"9713E7798F9A44BA","requester":"arn:aws:iam::783971887864:user/ignatovi","res_code":"","res_len":"","source":"S3","time":"[26/May/2020:18:42:08 +0000]","tls_version":"TLSv1.2","total_time":"","turnaround_time":"","vers":"","version_id":""}
{"accepted":true,"accession":"","agent":"aws-cli/1.16.249 Python/2.7.16 Linux/4.14.138-89.102.amzn1.x86_64 botocore/1.12.239","auth_type":"AuthHeader","bucket":"sra-pub-src-1","cipher_suite":"SigV4 ECDHE-RSA-AES128-GCM-SHA256","error":"","extension":"","host_header":"sra-pub-src-1.s3.amazonaws.com","host_id":"+IfPMMJukaeGXc7cHIdkcLUDPcCCQVPtmWh04I9UUahItPSQxFgDgNUQQbh/ysxI4n4gHf5NK7M=","ip":"52.54.203.43","key":"SRR9158220/A118_PF_4_1.fq.1","method":"GET","obj_size":"10679416372","operation":"REST.GET.OBJECT","owner":"7dd4dcfe9b004fb7433c61af3e87972f2e9477fa7f0760a02827f771b41b3455","path":"/SRR9158220/A118_PF_4_1.fq.1","referer":"-","request_id":"B20C3FBA17A4BC38","requester":"arn:aws:sts::783971887864:assumed-role/sra-developer-instance-profile-role/i-04b64e15519efb678","res_code":"206","res_len":"8388608","source":"S3","time":"[25/May/2020:22:32:08 +0000]","tls_version":"TLSv1.2","total_time":"230","turnaround_time":"182","vers":"HTTP/1.1","version_id":""}
{"accepted":true,"accession":"","agent":"aws-cli/1.16.129 Python/3.6.7 Linux/4.15.0-1032-aws botocore/1.12.119","auth_type":"AuthHeader","bucket":"sra-pub-run-1","cipher_suite":"SigV4 ECDHE-RSA-AES128-GCM-SHA256","error":"NoSuchKey","extension":"","host_header":"sra-pub-run-1.s3.amazonaws.com","host_id":"dPgBpCGq9rQ7ZciElvjyXYPzKZV/WO1Kzthf39aEE7/VJiuOve05tKd5zgaCJlWYXnS89nw+YFo=","ip":"3.89.6.210","key":".","method":"HEAD","obj_size":"","operation":"REST.HEAD.OBJECT","owner":"922194806485875312b252374a3644f1feecd16802a50d4729885c1d11e1fd37","path":"/.","referer":"-","request_id":"31D289F437B52130","requester":"arn:aws:iam::783971887864:user/ignatovi","res_code":"404","res_len":"272","source":"S3","time":"[22/Mar/2019:18:05:28 +0000]","tls_version":"TLSv1.2","total_time":"23","turnaround_time":"","vers":"HTTP/1.1","version_id":""}
{"accepted":true,"accession":"","agent":"aws-cli/1.16.129 Python/3.6.7 Linux/4.15.0-1032-aws botocore/1.12.119","auth_type":"AuthHeader","bucket":"sra-pub-run-1","cipher_suite":"SigV4 ECDHE-RSA-AES128-GCM-SHA256","error":"NoSuchKey","extension":"","host_header":"sra-pub-run-1.s3.amazonaws.com","host_id":"dPgBpCGq9rQ7ZciElvjyXYPzKZV/WO1Kzthf39aEE7/VJiuOve05tKd5zgaCJlWYXnS89nw+YFo=","ip":"3.89.6.210","key":".","method":"HEAD","obj_size":"","operation":"REST.HEAD.OBJECT","owner":"922194806485875312b252374a3644f1feecd16802a50d4729885c1d11e1fd37","path":"/.","referer":"-","request_id":"31D289F437B52130","requester":"arn:aws:iam::783971887864:user/ignatovi","res_code":"404","res_len":"272","source":"S3","time":"[22/Mar/2019:18:05:28 +0000]","tls_version":"TLSv1.2","total_time":"23","turnaround_time":"","vers":"HTTP/1.1","version_id":""}
