{"accepted":true,"accession":"SRR9154112","agent":"aws-cli/1.16.300 Python/2.7.16 Linux/4.14.177-139.254.amzn2.x86_64 botocore/1.13.36","auth_type":"AuthHeader","bucket":"sra-pub-src-1","cipher_suite":"SigV4 ECDHE-RSA-AES128-GCM-SHA256","error":"NoSuchKey","extension":".fastq*","filename":"*","host_header":"sra-pub-src-1.s3.amazonaws.com","host_id":"9cLyZqXg5N2mXetfQMtvMhhbczeIiHy+9UxgBSDV6UkpNCZxnUN7cNN/4TDc2oBlMk1DAUtG0GA=","ip":"3.235.179.196","key":"SRR9154112/*.fastq*","method":"HEAD","obj_size":"","operation":"REST.HEAD.OBJECT","owner":"7dd4dcfe9b004fb7433c61af3e87972f2e9477fa7f0760a02827f771b41b3455","path":"/SRR9154112/%2A.fastq%2A","referer":"","request_id":"1B6E92A991321AE8","requester":"arn:aws:sts::784757538848:assumed-role/TulipRWAccess/i-00a5d1f5e0d3cdc67","res_code":"404","res_len":"290","source":"S3","time":"[26/May/2020:16:00:16 +0000]","tls_version":"TLSv1.2","total_time":"43","turnaround_time":"","vers":"HTTP/1.1","version_id":""}
