{"accepted":true,"accession":"","agent":"Mozilla/5.0","extension":"","forwarded":"-","ip":"192.12.184.6","method":"GET","path":"/traces/sra6/SRR/000166/SRR170543","port":443,"referer":"","req_len":136,"req_time":"0.427","res_code":200,"res_len":10262285,"server":"sra-download.ncbi.nlm.nih.gov","source":"NCBI","time":"[27/Aug/2018:00:40:03 -0400]","user":"","vers":"HTTP/1.1"}
