{
    "accepted"  : true,
    "accession" : "",
    "agent"     : "-",
    "extension" : "",
    "filename"  : "",
    "forwarded" : "-",
    "ip"        : "34.200.223.129",
    "line_nr"   : 1,
    "method"    : "",
    "path"      : "\\x16\\x03\\x01\\x00\\xF5\\x01\\x00\\x00\\xF1\\x03\\x03}\\xB0'\\xC8\\xCC\\xBA\\xF6h\\xE9Q^\\xBA\\xA3\\xF6\\xC5\\xD0\\xE6  U\\xE5\\xE5\\x81\\xC4?\\xA3M\\xD7[\\x00\\xA3;\\x00\\x00\\x82\\x003\\x009\\x005\\x00/\\xC0,\\xC00\\x00\\xA3\\x00\\x9F\\xCC\\xA9\\xCC\\xA8\\xCC\\xAA\\xC0\\xAF\\xC0\\xAD\\xC0\\xA3\\xC0\\x9F\\xC0+\\xC0/\\x00\\xA2\\x00\\x9E\\xC0\\xAE\\xC0\\xAC\\xC0\\xA2\\xC0\\x9E\\xC0$\\xC0(\\x00k\\x00j\\xC0s\\xC0w\\x00\\xC4\\x00\\xC3\\xC0#\\xC0'\\x00g\\x00@\\xC0r\\xC0v\\x00\\xBE\\x00\\xBD\\xC0",
    "port"      : 80,
    "referer"   : "-",
    "req_len"   : 0,
    "req_time"  : "0.001",
    "res_code"  : 400,
    "res_len"   : 166,
    "server"    : "sra-download.ncbi.nlm.nih.gov",
    "source"    : "NCBI",
    "time"      : "[20/Sep/2018:13:32:54 -0400]",
    "user"      : "",
    "vers"      : ""
}
{
    "accepted"  : true,
    "accession" : "SRR170543",
    "agent"     : "Mozilla/5.0",
    "extension" : "",
    "filename"  : "SRR170543",
    "forwarded" : "-",
    "ip"        : "192.12.184.6",
    "line_nr"   : 2,
    "method"    : "GET",
    "path"      : "/traces/sra6/SRR/000166/SRR170543",
    "port"      : 443,
    "referer"   : "",
    "req_len"   : 136,
    "req_time"  : "0.427",
    "res_code"  : 200,
    "res_len"   : 10262285,
    "server"    : "sra-download.ncbi.nlm.nih.gov",
    "source"    : "NCBI",
    "time"      : "[27/Aug/2018:00:40:03 -0400]",
    "user"      : "",
    "vers"      : "HTTP/1.1"
}
{
    "accepted"  : true,
    "accession" : "SRR5385591",
    "agent"     : "linux64 sra-toolkit test-sra.2.8.2",
    "extension" : ".sra",
    "filename"  : "SRR5385591",
    "forwarded" : "-",
    "ip"        : "159.226.149.175",
    "line_nr"   : 3,
    "method"    : "HEAD",
    "path"      : "/srapub/SRR5385591.sra",
    "port"      : 443,
    "referer"   : "-",
    "req_len"   : 164,
    "req_time"  : "0.000",
    "res_code"  : 404,
    "res_len"   : 0,
    "server"    : "sra-download.ncbi.nlm.nih.gov",
    "source"    : "NCBI",
    "time"      : "[15/Aug/2018:10:31:47 -0400]",
    "user"      : "",
    "vers"      : ""
}
{
    "accepted"  : true,
    "accession" : "",
    "agent"     : "-",
    "extension" : "",
    "filename"  : "",
    "forwarded" : "-",
    "ip"        : "10.154.195.11",
    "line_nr"   : 4,
    "method"    : "GET",
    "path"      : "",
    "port"      : 80,
    "referer"   : "-",
    "req_len"   : 0,
    "req_time"  : "0.001",
    "res_code"  : 400,
    "res_len"   : 150,
    "server"    : "sra-download.ncbi.nlm.nih.gov",
    "source"    : "NCBI",
    "time"      : "[07/Jun/2020:08:32:05 -0400]",
    "user"      : "",
    "vers"      : ""
}
{
    "accepted"  : true,
    "accession" : "",
    "agent"     : "-",
    "extension" : "",
    "filename"  : "",
    "forwarded" : "-",
    "ip"        : "13.56.21.202",
    "line_nr"   : 5,
    "method"    : "",
    "path"      : "\\x16\\x03\\x01\\x02\\x00\\x01\\x00\\x01\\xFC\\x03\\x03\\xD5\\xAC\\xA1\\xD1r\\x85\\x91)\\x92v\\xB0p\\x038B#\\xD9\\x007\\x08\\xCB\\x86\\x08\\x8C\\x1Cs\\x04 \\x99\\x8A\\xC0\\x12 a\\xD7\\xC9C\\xEE\\x93\\x91\\xBF\\xCEASvP\\x9F\\xDB\\x91\\x85\\x9D\\xB4\\xF7Ee\\x80%^\\xBD\\xF3\\x02\\xB4\\x00w\\xBE\\x00\\xD2\\x13\\x02\\x13\\x03\\x13\\x01\\xC0,\\xC00\\x00\\xA3\\x00\\x9F\\xCC\\xA9\\xCC\\xA8\\xCC\\xAA\\xC0\\xAF\\xC0\\xAD\\xC0\\xA3\\xC0\\x9F\\xC0]\\xC0a\\xC0W\\xC0S\\x00\\xA7\\xC0+\\xC0/\\x00\\xA2\\x00\\x9E\\xC0\\xAE\\xC0\\xAC\\xC0\\xA2\\xC0\\x9E\\xC0\\x5C\\xC0`\\xC0V\\xC0R\\x00\\xA6\\xC0$\\xC0(\\x00k\\x00j\\xC0s\\xC0w\\x00\\xC4\\x00\\xC3\\x00m\\x00\\xC5\\xC0#\\xC0'\\x00g\\x00@\\xC0r\\xC0v\\x00\\xBE\\x00\\xBD\\x00l\\x00\\xBF\\xC0",
    "port"      : 80,
    "referer"   : "-",
    "req_len"   : 0,
    "req_time"  : "0.071",
    "res_code"  : 400,
    "res_len"   : 150,
    "server"    : "sra-download.ncbi.nlm.nih.gov",
    "source"    : "NCBI",
    "time"      : "[07/Jun/2020:22:26:43 -0400]",
    "user"      : "",
    "vers"      : ""
}
{
    "accepted"  : true,
    "accession" : "",
    "agent"     : "-",
    "extension" : "",
    "filename"  : "",
    "forwarded" : "-",
    "ip"        : "13.56.21.202",
    "line_nr"   : 6,
    "method"    : "",
    "path"      : "",
    "port"      : 80,
    "referer"   : "-",
    "req_len"   : 0,
    "req_time"  : "1.071",
    "res_code"  : 400,
    "res_len"   : 0,
    "server"    : "sra-download.ncbi.nlm.nih.gov",
    "source"    : "NCBI",
    "time"      : "[07/Jun/2020:22:27:55 -0400]",
    "user"      : "",
    "vers"      : ""
}
{
    "accepted"  : true,
    "accession" : "",
    "agent"     : "-",
    "extension" : "",
    "filename"  : "",
    "forwarded" : "-",
    "ip"        : "34.201.223.169",
    "line_nr"   : 7,
    "method"    : "",
    "path"      : "\\x16\\x03\\x01\\x02\\xAB\\x01\\x00\\x02\\xA7\\x03\\x03^\\xDC\\xAA\\x06Gdy8XrYvMhcCxPHEdMshpIQBaBRe\\x00\\x024\\x00\\xA2\\x00\\xA3\\xC0\\x80\\xC0\\x81\\xC0\\xA6\\x00\\xAA\\xC0\\xA7\\x00\\xAB\\xC0\\x96\\xC0\\x90\\xC0\\x97\\xC0\\x91\\xCC\\xAD\\xC0\\x9E\\xC0\\xA2\\x00\\x9E\\xC0\\x9F\\xC0\\xA3\\x00\\x9F\\xC0|\\xC0}\\xCC\\xAA\\x00\\xA4\\x00\\xA5\\xC0\\x82\\xC0\\x83\\x00\\xA0\\x00\\xA1\\xC0~\\xC0\\x7F\\x00\\xA6\\x00\\xA7\\xC0\\x84\\xC0\\x85\\xC0\\xAC\\xC0\\xAE\\xC0+\\xC0\\xAD\\xC0\\xAF\\xC0,\\xC0r\\xC0\\x86\\xC0s\\xC0\\x87\\xCC\\xA9\\xC0\\x9A\\xC0\\x9B\\xCC\\xAC\\xC0/\\xC00\\xC0v\\xC0\\x8A\\xC0w\\xC0\\x8B\\xCC\\xA8\\xC0-\\xC0.\\xC0t\\xC0\\x88\\xC0u\\xC0\\x89\\xC01\\xC02\\xC0x\\xC0\\x8C\\xC0y\\xC0\\x8D\\xC0\\xAA\\xC0\\xAB\\xC0\\xA4\\xC0\\xA8\\x00\\xA8\\xC0\\xA5\\xC0\\xA9\\x00\\xA9\\xC0\\x94\\xC0\\x8E\\xC0\\x95\\xC0\\x8F\\xCC\\xAB\\x00\\xAC\\x00\\xAD\\xC0\\x98\\xC0\\x92\\xC0\\x99\\xC0\\x93\\xCC\\xAE\\xC0\\x9C\\xC0\\xA0\\x00\\x9C\\xC0\\x9D\\xC0\\xA1\\x00\\x9D\\xC0z\\xC0{\\x00c\\x00e\\x00\\x11\\x00\\x13\\x002\\x008\\x00D\\x00\\x87\\x00\\x12\\x00f\\x00\\x99\\x00\\x8F\\x00\\x90\\x00\\x91\\x00\\x8E\\x00\\x14\\x00\\x16\\x003\\x009\\x00E\\x00\\x88\\x00\\x15\\x00\\x9A\\x00\\x0B\\x00",
    "port"      : 80,
    "referer"   : "-",
    "req_len"   : 0,
    "req_time"  : "0.008",
    "res_code"  : 400,
    "res_len"   : 150,
    "server"    : "sra-download.ncbi.nlm.nih.gov",
    "source"    : "NCBI",
    "time"      : "[07/Jun/2020:04:49:11 -0400]",
    "user"      : "",
    "vers"      : ""
}
{
    "accepted"  : true,
    "accession" : "",
    "agent"     : "Mozilla/4.0 (compatible; MSIE 8.0; Windows NT 5.1; Trident/4.0; NIHInfoSec)",
    "extension" : "",
    "filename"  : "",
    "forwarded" : "-",
    "ip"        : "34.201.223.169",
    "line_nr"   : 8,
    "method"    : "",
    "path"      : "HCHALE / HTTP/1.1",
    "port"      : 80,
    "referer"   : "-",
    "req_len"   : 319,
    "req_time"  : "0.000",
    "res_code"  : 405,
    "res_len"   : 552,
    "server"    : "sra-download.ncbi.nlm.nih.gov",
    "source"    : "NCBI",
    "time"      : "[07/Jun/2020:04:49:29 -0400]",
    "user"      : "",
    "vers"      : ""
}
{
    "accepted"  : true,
    "accession" : "",
    "agent"     : "-",
    "extension" : "",
    "filename"  : "",
    "forwarded" : "-",
    "ip"        : "10.154.195.11",
    "line_nr"   : 9,
    "method"    : "GET",
    "path"      : "/",
    "port"      : 80,
    "referer"   : "-",
    "req_len"   : 8,
    "req_time"  : "0.001",
    "res_code"  : 301,
    "res_len"   : 162,
    "server"    : "sra-download.ncbi.nlm.nih.gov",
    "source"    : "NCBI",
    "time"      : "[07/Jun/2020:08:32:05 -0400]",
    "user"      : "",
    "vers"      : ""
}
{
    "accepted"  : true,
    "accession" : "",
    "agent"     : "-",
    "extension" : "",
    "filename"  : "",
    "forwarded" : "-",
    "ip"        : "10.154.195.11",
    "line_nr"   : 10,
    "method"    : "GET",
    "path"      : "/",
    "port"      : 80,
    "referer"   : "-",
    "req_len"   : 0,
    "req_time"  : "0.000",
    "res_code"  : 505,
    "res_len"   : 180,
    "server"    : "sra-download.ncbi.nlm.nih.gov",
    "source"    : "NCBI",
    "time"      : "[07/Jun/2020:08:32:05 -0400]",
    "user"      : "",
    "vers"      : "HTTP/3.14"
}
{
    "accepted"  : true,
    "accession" : "",
    "agent"     : "-",
    "extension" : "",
    "filename"  : "",
    "forwarded" : "-",
    "ip"        : "10.154.195.11",
    "line_nr"   : 11,
    "method"    : "GET",
    "path"      : "/",
    "port"      : 80,
    "referer"   : "-",
    "req_len"   : 0,
    "req_time"  : "0.001",
    "res_code"  : 400,
    "res_len"   : 150,
    "server"    : "sra-download.ncbi.nlm.nih.gov",
    "source"    : "NCBI",
    "time"      : "[07/Jun/2020:08:32:05 -0400]",
    "user"      : "",
    "vers"      : "HTTP/"
}
{
    "accepted"  : true,
    "accession" : "",
    "agent"     : "-",
    "extension" : "",
    "filename"  : "",
    "forwarded" : "-",
    "ip"        : "10.154.195.11",
    "line_nr"   : 12,
    "method"    : "",
    "path"      : "get / http/1.0",
    "port"      : 80,
    "referer"   : "-",
    "req_len"   : 0,
    "req_time"  : "0.000",
    "res_code"  : 400,
    "res_len"   : 150,
    "server"    : "sra-download.ncbi.nlm.nih.gov",
    "source"    : "NCBI",
    "time"      : "[07/Jun/2020:08:32:05 -0400]",
    "user"      : "",
    "vers"      : ""
}
{
    "accepted"  : true,
    "accession" : "",
    "agent"     : "-",
    "extension" : "",
    "filename"  : "",
    "forwarded" : "-",
    "ip"        : "13.59.252.14",
    "line_nr"   : 13,
    "method"    : "",
    "path"      : "\\x16\\x03\\x01\\x00\\xCF\\x01\\x00\\x00\\xCB\\x03\\x01",
    "port"      : 80,
    "referer"   : "-",
    "req_len"   : 0,
    "req_time"  : "0.011",
    "res_code"  : 400,
    "res_len"   : 150,
    "server"    : "sra-download.ncbi.nlm.nih.gov",
    "source"    : "NCBI",
    "time"      : "[07/Jun/2020:01:09:52 -0400]",
    "user"      : "",
    "vers"      : ""
}
{
    "accepted"  : true,
    "accession" : "",
    "agent"     : "Mozilla/4.0 (compatible; MSIE 8.0; Windows NT 5.1; Trident/4.0; NIHInfoSec)",
    "extension" : "",
    "filename"  : "",
    "forwarded" : "-",
    "ip"        : "13.59.252.14",
    "line_nr"   : 14,
    "method"    : "PROPFIND",
    "path"      : "/",
    "port"      : 80,
    "referer"   : "-",
    "req_len"   : 376,
    "req_time"  : "0.000",
    "res_code"  : 405,
    "res_len"   : 552,
    "server"    : "sra-download.ncbi.nlm.nih.gov",
    "source"    : "NCBI",
    "time"      : "[07/Jun/2020:01:10:23 -0400]",
    "user"      : "",
    "vers"      : "HTTP/1.1"
}
{
    "accepted"  : true,
    "accession" : "",
    "agent"     : "Mozilla/4.0 (compatible; MSIE 8.0; Windows NT 5.1; Trident/4.0; NIHInfoSec)",
    "extension" : "",
    "filename"  : "",
    "forwarded" : "-",
    "ip"        : "13.59.252.14",
    "line_nr"   : 15,
    "method"    : "GET",
    "path"      : "/login/?user=|\\x22`id`\\x22|",
    "port"      : 80,
    "referer"   : "-",
    "req_len"   : 336,
    "req_time"  : "0.000",
    "res_code"  : 301,
    "res_len"   : 162,
    "server"    : "sra-download.ncbi.nlm.nih.gov",
    "source"    : "NCBI",
    "time"      : "[07/Jun/2020:01:14:11 -0400]",
    "user"      : "",
    "vers"      : "HTTP/1.1"
}
{
    "accepted"  : true,
    "accession" : "SRR9997476",
    "agent"     : "",
    "extension" : "",
    "filename"  : "SRR9997476",
    "forwarded" : "-",
    "ip"        : "146.118.64.48",
    "line_nr"   : 16,
    "method"    : "HEAD",
    "path"      : "/traces/sra19/SRR/009763/SRR9997476",
    "port"      : 443,
    "referer"   : "-",
    "req_len"   : 117,
    "req_time"  : "0.000",
    "res_code"  : 200,
    "res_len"   : 0,
    "server"    : "sra-download.ncbi.nlm.nih.gov",
    "source"    : "NCBI",
    "time"      : "[07/Jun/2020:02:47:10 -0400]",
    "user"      : "",
    "vers"      : "HTTP/1.1"
}
{
    "accepted"  : true,
    "accession" : "",
    "agent"     : "-",
    "extension" : "",
    "filename"  : "",
    "forwarded" : "-",
    "ip"        : "34.201.223.169",
    "line_nr"   : 17,
    "method"    : "",
    "path"      : "\\x16\\x03\\x01\\x00\\xCF\\x01\\x00\\x00\\xCB\\x03\\x01\\x1D\\x018\\xD1L}!\\xFC\\x1FiEv\\x12\\xE8\\x1Fk\\x9F\\xE7\\x0E<\\x22~\\xAA$G=\\x1B\\x8E%\\x1E\\x15\\xA9\\x00\\x00R\\xC0",
    "port"      : 80,
    "referer"   : "-",
    "req_len"   : 0,
    "req_time"  : "0.013",
    "res_code"  : 400,
    "res_len"   : 150,
    "server"    : "sra-download.ncbi.nlm.nih.gov",
    "source"    : "NCBI",
    "time"      : "[07/Jun/2020:04:49:09 -0400]",
    "user"      : "",
    "vers"      : ""
}
{
    "accepted"  : true,
    "accession" : "",
    "agent"     : "-",
    "extension" : "..\\x5C..\\x5C..\\x5C..\\x5C..\\x5C..\\x5C..\\x5C..\\x5C..\\x5C..\\x5Cwindows\\x5Cwin.ini",
    "filename"  : "",
    "forwarded" : "-",
    "ip"        : "13.59.252.14",
    "line_nr"   : 18,
    "method"    : "GET",
    "path"      : "..\\x5C..\\x5C..\\x5C..\\x5C..\\x5C..\\x5C..\\x5C..\\x5C..\\x5C..\\x5Cwindows\\x5Cwin.ini",
    "port"      : 80,
    "referer"   : "-",
    "req_len"   : 0,
    "req_time"  : "0.012",
    "res_code"  : 400,
    "res_len"   : 150,
    "server"    : "sra-download.ncbi.nlm.nih.gov",
    "source"    : "NCBI",
    "time"      : "[07/Jun/2020:01:09:44 -0400]",
    "user"      : "",
    "vers"      : "HTTP/1.1"
}
{
    "accepted"  : true,
    "accession" : "",
    "agent"     : "Mozilla/4.0 (compatible; MSIE 8.0; Windows NT 5.1; Trident/4.0; NIHInfoSec)",
    "extension" : ".asp",
    "filename"  : "d6rw1r5y",
    "forwarded" : "-",
    "ip"        : "13.59.252.14",
    "line_nr"   : 19,
    "method"    : "GET",
    "path"      : "/cgi-bin/d6rw1r5y.asp?<script>document.cookie=%22testtifh=7678;%22</script>",
    "port"      : 80,
    "referer"   : "-",
    "req_len"   : 390,
    "req_time"  : "0.000",
    "res_code"  : 301,
    "res_len"   : 162,
    "server"    : "sra-download.ncbi.nlm.nih.gov",
    "source"    : "NCBI",
    "time"      : "[07/Jun/2020:01:09:45 -0400]",
    "user"      : "",
    "vers"      : "HTTP/1.1"
}
{
    "accepted"  : true,
    "accession" : "SRR10713958",
    "agent"     : "Mozilla/5.0 (Windows NT 10.0; Win64; x64) AppleWebKit/537.36 (KHTML, like Gecko) Chrome/83.0.4103.97 Safari/537.36 Edg/83.0.478.45",
    "extension" : "",
    "filename"  : "SRR10713958",
    "forwarded" : "-",
    "ip"        : "61.153.216.106",
    "line_nr"   : 20,
    "method"    : "GET",
    "path"      : "/traces/sra47/SRR/010462/SRR10713958",
    "port"      : 443,
    "referer"   : "https://trace.ncbi.nlm.nih.gov/Traces/sra/?run=SRR10713958#",
    "req_len"   : 459,
    "req_time"  : "1959.489",
    "res_code"  : 206,
    "res_len"   : 34758384,
    "server"    : "sra-download.ncbi.nlm.nih.gov",
    "source"    : "NCBI",
    "time"      : "[07/Jun/2020:00:04:05 -0400]",
    "user"      : "",
    "vers"      : "HTTP/1.1"
}
{
    "accepted"  : true,
    "accession" : "",
    "agent"     : "-",
    "extension" : "",
    "filename"  : "",
    "forwarded" : "-",
    "ip"        : "165.112.6.3",
    "line_nr"   : 21,
    "method"    : "GET",
    "path"      : "/",
    "port"      : 443,
    "referer"   : "-",
    "req_len"   : 7,
    "req_time"  : "0.000",
    "res_code"  : 400,
    "res_len"   : 248,
    "server"    : "sra-download.ncbi.nlm.nih.gov",
    "source"    : "NCBI",
    "time"      : "[07/Jun/2020:00:06:24 -0400]",
    "user"      : "",
    "vers"      : ""
}
{
    "accepted"  : true,
    "accession" : "SRR9313661",
    "agent"     : "Mozilla/5.0 (Windows NT 6.1; WOW64) AppleWebKit/537.36 (KHTML, like Gecko) Chrome/65.0.3314.0 Safari/537.36 SE 2.X MetaSr 1.0",
    "extension" : "",
    "filename"  : "SRR9313661",
    "forwarded" : "-",
    "ip"        : "13.78.48.192",
    "line_nr"   : 22,
    "method"    : "GET",
    "path"      : "/traces/sra9/SRR/009095/SRR9313661",
    "port"      : 443,
    "referer"   : "-",
    "req_len"   : 54,
    "req_time"  : "266.729",
    "res_code"  : 206,
    "res_len"   : 78718882,
    "server"    : "sra-download.ncbi.nlm.nih.gov",
    "source"    : "NCBI",
    "time"      : "[07/Jun/2020:00:22:21 -0400]",
    "user"      : "",
    "vers"      : "HTTP/2.0"
}
{
    "accepted"  : true,
    "accession" : "",
    "agent"     : "-",
    "extension" : "",
    "filename"  : "",
    "forwarded" : "-",
    "ip"        : "165.112.6.3",
    "line_nr"   : 23,
    "method"    : "GET",
    "path"      : "/",
    "port"      : 443,
    "referer"   : "-",
    "req_len"   : 7,
    "req_time"  : "0.000",
    "res_code"  : 400,
    "res_len"   : 248,
    "server"    : "sra-download.ncbi.nlm.nih.gov",
    "source"    : "NCBI",
    "time"      : "[07/Jun/2020:00:22:24 -0400]",
    "user"      : "",
    "vers"      : ""
}
{
    "accepted"  : true,
    "accession" : "SRR10713958",
    "agent"     : "Mozilla/5.0 (Windows NT 10.0; Win64; x64) AppleWebKit/537.36 (KHTML, like Gecko) Chrome/83.0.4103.97 Safari/537.36 Edg/83.0.478.45",
    "extension" : "",
    "filename"  : "SRR10713958",
    "forwarded" : "-",
    "ip"        : "61.153.216.106",
    "line_nr"   : 24,
    "method"    : "GET",
    "path"      : "/traces/sra47/SRR/010462/SRR10713958",
    "port"      : 443,
    "referer"   : "https://trace.ncbi.nlm.nih.gov/Traces/sra/?run=SRR10713958#",
    "req_len"   : 460,
    "req_time"  : "201.680",
    "res_code"  : 206,
    "res_len"   : 454383,
    "server"    : "sra-download.ncbi.nlm.nih.gov",
    "source"    : "NCBI",
    "time"      : "[07/Jun/2020:00:22:26 -0400]",
    "user"      : "",
    "vers"      : "HTTP/1.1"
}
{
    "accepted"  : true,
    "accession" : "SRR4017927",
    "agent"     : "linux64 sra-toolkit fastq-dump.2.9.1",
    "extension" : "",
    "filename"  : "SRR4017927",
    "forwarded" : "-",
    "ip"        : "158.111.236.250",
    "line_nr"   : 25,
    "method"    : "GET",
    "path"      : "/traces/sra34/SRR/003923/SRR4017927",
    "port"      : 443,
    "referer"   : "-",
    "req_len"   : 293,
    "req_time"  : "0.000",
    "res_code"  : 206,
    "res_len"   : 32768,
    "server"    : "sra-download.ncbi.nlm.nih.gov",
    "source"    : "NCBI",
    "time"      : "[01/Jan/2020:02:50:24 -0500]",
    "user"      : "",
    "vers"      : "HTTP/1.1"
}
{
    "accepted"  : true,
    "accession" : "SRR5946882",
    "agent"     : "linux64 sra-toolkit fastq-dump.2.9.3",
    "extension" : "",
    "filename"  : "SRR5946882",
    "forwarded" : "-",
    "ip"        : "139.80.16.229",
    "line_nr"   : 26,
    "method"    : "GET",
    "path"      : "/traces/sra32/SRR/005807/SRR5946882",
    "port"      : 443,
    "referer"   : "-",
    "req_len"   : 293,
    "req_time"  : "0.000",
    "res_code"  : 206,
    "res_len"   : 32768,
    "server"    : "sra-download.ncbi.nlm.nih.gov",
    "source"    : "NCBI",
    "time"      : "[01/Jan/2020:02:50:24 -0500]",
    "user"      : "",
    "vers"      : "HTTP/1.1"
}
{
    "accepted"  : true,
    "accession" : "SRR5946882",
    "agent"     : "linux64 sra-toolkit fastq-dump.2.9.3",
    "extension" : "",
    "filename"  : "SRR5946882",
    "forwarded" : "-",
    "ip"        : "139.80.16.229",
    "line_nr"   : 27,
    "method"    : "GET",
    "path"      : "/traces/sra32/SRR/005807/SRR5946882",
    "port"      : 443,
    "referer"   : "-",
    "req_len"   : 293,
    "req_time"  : "0.000",
    "res_code"  : 206,
    "res_len"   : 32768,
    "server"    : "sra-download.ncbi.nlm.nih.gov",
    "source"    : "NCBI",
    "time"      : "[01/Jan/2020:02:50:24 -0500]",
    "user"      : "",
    "vers"      : "HTTP/1.1"
}
{
    "accepted"  : true,
    "accession" : "SRR5946882",
    "agent"     : "linux64 sra-toolkit fastq-dump.2.9.3",
    "extension" : "",
    "filename"  : "SRR5946882",
    "forwarded" : "-",
    "ip"        : "139.80.16.229",
    "line_nr"   : 28,
    "method"    : "GET",
    "path"      : "/traces/sra32/SRR/005807/SRR5946882",
    "port"      : 443,
    "referer"   : "-",
    "req_len"   : 293,
    "req_time"  : "0.000",
    "res_code"  : 206,
    "res_len"   : 32768,
    "server"    : "",
    "source"    : "NCBI",
    "time"      : "[01/Jan/2020:02:50:24 -0500]",
    "user"      : "",
    "vers"      : "HTTP/1.1"
}
{
    "unrecognized" : "nonesense nonesense"
}
{
    "accepted"  : true,
    "accession" : "SRR000006",
    "agent"     : "linux64 sra-toolkit fastq-dump.2.9.3",
    "extension" : "",
    "filename"  : "SRR000006",
    "forwarded" : "-",
    "ip"        : "139.80.16.229",
    "line_nr"   : 30,
    "method"    : "GET",
    "path"      : "/traces/sra32/SRR/005807/SRR000006",
    "port"      : 443,
    "referer"   : "-",
    "req_len"   : 293,
    "req_time"  : "0.000",
    "res_code"  : 206,
    "res_len"   : 32768,
    "server"    : "",
    "source"    : "NCBI",
    "time"      : "[01/Jan/2020:02:50:24 -0500]",
    "user"      : "",
    "vers"      : "HTTP/1.1"
}
{
    "unrecognized" : "unrecognized 139.80.16.229 - - [01/Jan/2020:02:50:24 -0500] \"GET /traces/sra32/SRR/005807/SRR000007 HTTP/1.1\" 206 32768 0.000 \"-\" \"linux64 sra-toolkit fastq-dump.2.9.3\" \"-\" port=443 rl=293"
}
{
    "accepted"  : true,
    "accession" : "",
    "agent"     : "linux64 sra-toolkit fastq-dump.2.9.3",
    "extension" : "",
    "filename"  : "SRR00008",
    "forwarded" : "-",
    "ip"        : "139.80.16.229",
    "line_nr"   : 32,
    "method"    : "GET",
    "path"      : "/traces/sra32/SRR/005807/SRR00008?a=b",
    "port"      : 443,
    "referer"   : "-",
    "req_len"   : 293,
    "req_time"  : "0.000",
    "res_code"  : 206,
    "res_len"   : 32768,
    "server"    : "",
    "source"    : "NCBI",
    "time"      : "[01/Jan/2020:02:50:24 -0500]",
    "user"      : "",
    "vers"      : "HTTP/1.1"
}
{
    "accepted"  : false,
    "accession" : "",
    "agent"     : "",
    "extension" : "",
    "filename"  : "",
    "forwarded" : "",
    "ip"        : "139.80.16.229",
    "line_nr"   : 33,
    "method"    : "",
    "path"      : "",
    "port"      : 0,
    "referer"   : "",
    "req_len"   : 0,
    "req_time"  : "",
    "res_code"  : 0,
    "res_len"   : 0,
    "server"    : "",
    "source"    : "NCBI",
    "time"      : "[00/???/0000:00:00:00 +0000]",
    "unparsed"  : "139.80.16.229",
    "user"      : "",
    "vers"      : ""
}
{
    "accepted"  : false,
    "accession" : "",
    "agent"     : "",
    "extension" : "",
    "filename"  : "",
    "forwarded" : "",
    "ip"        : "139.80.16.229",
    "line_nr"   : 34,
    "method"    : "",
    "path"      : "",
    "port"      : 0,
    "referer"   : "",
    "req_len"   : 0,
    "req_time"  : "",
    "res_code"  : 0,
    "res_len"   : 0,
    "server"    : "",
    "source"    : "NCBI",
    "time"      : "[00/???/0000:00:00:00 +0000]",
    "unparsed"  : "139.80.16.229 - - [01/Jan/2020:02:50:24 -0500] ",
    "user"      : "",
    "vers"      : ""
}
